\BOOKMARK [1][-]{section.1}{\376\377\000B\000A\000B\000\040\0001\000.\000\040\000P\000E\000N\000D\000A\000H\000U\000L\000U\000A\000N}{}% 1
\BOOKMARK [2][-]{subsection.1.1}{\376\377\000L\000a\000t\000a\000r\000\040\000B\000e\000l\000a\000k\000a\000n\000g}{section.1}% 2
\BOOKMARK [2][-]{subsection.1.2}{\376\377\000I\000d\000e\000n\000t\000i\000f\000i\000k\000a\000s\000i\000\040\000M\000a\000s\000a\000l\000a\000h}{section.1}% 3
\BOOKMARK [2][-]{subsection.1.3}{\376\377\000R\000u\000m\000u\000s\000a\000n\000\040\000M\000a\000s\000a\000l\000a\000h}{section.1}% 4
\BOOKMARK [2][-]{subsection.1.4}{\376\377\000T\000u\000j\000u\000a\000n\000\040\000P\000r\000o\000j\000e\000c\000t}{section.1}% 5
\BOOKMARK [2][-]{subsection.1.5}{\376\377\000M\000a\000n\000f\000a\000a\000t\000\040\000P\000r\000o\000j\000e\000c\000t}{section.1}% 6
\BOOKMARK [2][-]{subsection.1.6}{\376\377\000R\000u\000a\000n\000g\000\040\000L\000i\000n\000g\000k\000u\000p}{section.1}% 7
\BOOKMARK [2][-]{subsection.1.7}{\376\377\000M\000e\000t\000o\000d\000o\000l\000o\000g\000i\000\040\000P\000e\000n\000g\000e\000m\000b\000a\000n\000g\000a\000n}{section.1}% 8
\BOOKMARK [2][-]{subsection.1.8}{\376\377\000S\000i\000s\000t\000e\000m\000a\000t\000i\000k\000a\000\040\000P\000e\000n\000u\000l\000i\000s\000a\000n}{section.1}% 9
\BOOKMARK [1][-]{section.2}{\376\377\000B\000A\000B\000\040\0002\000.\000\040\000T\000I\000N\000J\000A\000U\000A\000N\000\040\000P\000U\000S\000T\000A\000K\000A}{}% 10
\BOOKMARK [2][-]{subsection.2.1}{\376\377\000D\000e\000f\000i\000n\000i\000s\000i\000\040\000B\000l\000o\000c\000k\000c\000h\000a\000i\000n}{section.2}% 11
\BOOKMARK [2][-]{subsection.2.2}{\376\377\000S\000m\000a\000r\000t\000\040\000C\000o\000n\000t\000r\000a\000c\000t}{section.2}% 12
\BOOKMARK [2][-]{subsection.2.3}{\376\377\000C\000r\000y\000p\000t\000o\000c\000u\000r\000r\000e\000n\000c\000y\000\040\000d\000a\000n\000\040\000T\000o\000k\000e\000n}{section.2}% 13
\BOOKMARK [2][-]{subsection.2.4}{\376\377\000P\000l\000a\000t\000f\000o\000r\000m\000\040\000B\000l\000o\000c\000k\000c\000h\000a\000i\000n\000\040\000y\000a\000n\000g\000\040\000D\000i\000g\000u\000n\000a\000k\000a\000n}{section.2}% 14
\BOOKMARK [2][-]{subsection.2.5}{\376\377\000P\000e\000n\000e\000l\000i\000t\000i\000a\000n\000\040\000T\000e\000r\000k\000a\000i\000t}{section.2}% 15
\BOOKMARK [3][-]{subsubsection.2.5.1}{\376\377\000J\000u\000i\000c\000e\000b\000o\000x\000\040\000P\000r\000o\000t\000o\000c\000o\000l\000\040\000\050\000I\000n\000d\000u\000s\000t\000r\000i\000\051}{subsection.2.5}% 16
\BOOKMARK [3][-]{subsubsection.2.5.2}{\376\377\000P\000u\000b\000l\000i\000k\000a\000s\000i\000\040\000A\000k\000a\000d\000e\000m\000i\000k\000:\000\040\000H\000y\000b\000r\000i\000d\000\040\000B\000l\000o\000c\000k\000c\000h\000a\000i\000n\040\023\000A\000I\000\040\000C\000r\000o\000w\000d\000f\000u\000n\000d\000i\000n\000g}{subsection.2.5}% 17
\BOOKMARK [2][-]{subsection.2.6}{\376\377\000K\000o\000n\000s\000e\000p\000\040\000T\000e\000k\000n\000o\000l\000o\000g\000i\000\040\000P\000e\000n\000d\000u\000k\000u\000n\000g}{section.2}% 18
\BOOKMARK [1][-]{section.3}{\376\377\000B\000A\000B\000\040\0003\000.\000\040\000A\000N\000A\000L\000I\000S\000I\000S\000\040\000M\000A\000S\000A\000L\000A\000H\000\040\000D\000A\000N\000\040\000K\000E\000B\000U\000T\000U\000H\000A\000N\000\040\000S\000I\000S\000T\000E\000M}{}% 19
\BOOKMARK [2][-]{subsection.3.1}{\376\377\000A\000n\000a\000l\000i\000s\000i\000s\000\040\000P\000e\000r\000m\000a\000s\000a\000l\000a\000h\000a\000n}{section.3}% 20
\BOOKMARK [2][-]{subsection.3.2}{\376\377\000S\000t\000a\000k\000e\000h\000o\000l\000d\000e\000r\000\040\000S\000i\000s\000t\000e\000m}{section.3}% 21
\BOOKMARK [2][-]{subsection.3.3}{\376\377\000A\000n\000a\000l\000i\000s\000i\000s\000\040\000P\000r\000o\000s\000e\000s\000\040\000B\000i\000s\000n\000i\000s\000\040\000S\000a\000a\000t\000\040\000I\000n\000i}{section.3}% 22
\BOOKMARK [2][-]{subsection.3.4}{\376\377\000A\000n\000a\000l\000i\000s\000i\000s\000\040\000S\000o\000l\000u\000s\000i\000\040\000B\000l\000o\000c\000k\000c\000h\000a\000i\000n}{section.3}% 23
\BOOKMARK [2][-]{subsection.3.5}{\376\377\000A\000n\000a\000l\000i\000s\000i\000s\000\040\000P\000e\000r\000b\000a\000n\000d\000i\000n\000g\000a\000n\000\040\000S\000o\000l\000u\000s\000i}{section.3}% 24
\BOOKMARK [2][-]{subsection.3.6}{\376\377\000K\000e\000b\000u\000t\000u\000h\000a\000n\000\040\000F\000u\000n\000g\000s\000i\000o\000n\000a\000l}{section.3}% 25
\BOOKMARK [2][-]{subsection.3.7}{\376\377\000K\000e\000b\000u\000t\000u\000h\000a\000n\000\040\000N\000o\000n\000-\000F\000u\000n\000g\000s\000i\000o\000n\000a\000l}{section.3}% 26
\BOOKMARK [1][-]{section.4}{\376\377\000B\000A\000B\000\040\0004\000.\000\040\000D\000E\000S\000A\000I\000N\000\040\000S\000O\000L\000U\000S\000I\000\040\000B\000L\000O\000C\000K\000C\000H\000A\000I\000N}{}% 27
\BOOKMARK [2][-]{subsection.4.1}{\376\377\000O\000v\000e\000r\000v\000i\000e\000w\000\040\000S\000o\000l\000u\000s\000i}{section.4}% 28
\BOOKMARK [2][-]{subsection.4.2}{\376\377\000A\000r\000s\000i\000t\000e\000k\000t\000u\000r\000\040\000S\000i\000s\000t\000e\000m}{section.4}% 29
\BOOKMARK [2][-]{subsection.4.3}{\376\377\000D\000e\000s\000a\000i\000n\000\040\000J\000a\000r\000i\000n\000g\000a\000n\000\040\000B\000l\000o\000c\000k\000c\000h\000a\000i\000n}{section.4}% 30
\BOOKMARK [2][-]{subsection.4.4}{\376\377\000A\000l\000u\000r\000\040\000S\000i\000s\000t\000e\000m\000\040\000E\000n\000d\000-\000t\000o\000-\000E\000n\000d}{section.4}% 31
\BOOKMARK [2][-]{subsection.4.5}{\376\377\000D\000e\000s\000a\000i\000n\000\040\000S\000m\000a\000r\000t\000\040\000C\000o\000n\000t\000r\000a\000c\000t}{section.4}% 32
\BOOKMARK [2][-]{subsection.4.6}{\376\377\000S\000t\000a\000t\000e\000\040\000P\000r\000o\000j\000e\000c\000t\000\040\000d\000a\000n\000\040\000T\000r\000a\000n\000s\000i\000s\000i}{section.4}% 33
\BOOKMARK [2][-]{subsection.4.7}{\376\377\000U\000s\000e\000\040\000C\000a\000s\000e\000\040\000D\000i\000a\000g\000r\000a\000m}{section.4}% 34
\BOOKMARK [2][-]{subsection.4.8}{\376\377\000A\000c\000t\000i\000v\000i\000t\000y\000\040\000D\000i\000a\000g\000r\000a\000m}{section.4}% 35
\BOOKMARK [2][-]{subsection.4.9}{\376\377\000S\000e\000q\000u\000e\000n\000c\000e\000\040\000D\000i\000a\000g\000r\000a\000m}{section.4}% 36
\BOOKMARK [2][-]{subsection.4.10}{\376\377\000C\000l\000a\000s\000s\000\040\000D\000i\000a\000g\000r\000a\000m\000\040\000/\000\040\000E\000R\000D}{section.4}% 37
\BOOKMARK [2][-]{subsection.4.11}{\376\377\000D\000e\000s\000a\000i\000n\000\040\000D\000a\000t\000a\000b\000a\000s\000e}{section.4}% 38
\BOOKMARK [2][-]{subsection.4.12}{\376\377\000D\000e\000s\000a\000i\000n\000\040\000A\000n\000t\000a\000r\000m\000u\000k\000a}{section.4}% 39
\BOOKMARK [1][-]{section.5}{\376\377\000B\000A\000B\000\040\0005\000.\000\040\000M\000A\000N\000A\000J\000E\000M\000E\000N\000\040\000P\000R\000O\000Y\000E\000K}{}% 40
\BOOKMARK [2][-]{subsection.5.1}{\376\377\000S\000t\000r\000u\000k\000t\000u\000r\000\040\000T\000i\000m}{section.5}% 41
\BOOKMARK [2][-]{subsection.5.2}{\376\377\000P\000e\000m\000b\000a\000g\000i\000a\000n\000\040\000T\000u\000g\000a\000s}{section.5}% 42
\BOOKMARK [2][-]{subsection.5.3}{\376\377\000J\000a\000d\000w\000a\000l\000\040\000P\000r\000o\000y\000e\000k}{section.5}% 43
\BOOKMARK [2][-]{subsection.5.4}{\376\377\000M\000a\000n\000a\000j\000e\000m\000e\000n\000\040\000R\000i\000s\000i\000k\000o\000\040\000P\000r\000o\000y\000e\000k}{section.5}% 44
\BOOKMARK [2][-]{subsection.5.5}{\376\377\000E\000s\000t\000i\000m\000a\000s\000i\000\040\000B\000i\000a\000y\000a\000\040\000d\000a\000n\000\040\000I\000n\000f\000r\000a\000s\000t\000r\000u\000k\000t\000u\000r}{section.5}% 45
\BOOKMARK [1][-]{section.6}{\376\377\000B\000A\000B\000\040\0006\000.\000\040\000I\000M\000P\000L\000E\000M\000E\000N\000T\000A\000S\000I\000\040\000S\000I\000S\000T\000E\000M}{}% 46
\BOOKMARK [2][-]{subsection.6.1}{\376\377\000L\000i\000n\000g\000k\000u\000n\000g\000a\000n\000\040\000P\000e\000n\000g\000e\000m\000b\000a\000n\000g\000a\000n}{section.6}% 47
\BOOKMARK [2][-]{subsection.6.2}{\376\377\000I\000m\000p\000l\000e\000m\000e\000n\000t\000a\000s\000i\000\040\000S\000m\000a\000r\000t\000\040\000C\000o\000n\000t\000r\000a\000c\000t}{section.6}% 48
\BOOKMARK [2][-]{subsection.6.3}{\376\377\000R\000i\000n\000g\000k\000a\000s\000a\000n\000\040\000F\000u\000n\000g\000s\000i\000\040\000K\000o\000n\000t\000r\000a\000k}{section.6}% 49
\BOOKMARK [2][-]{subsection.6.4}{\376\377\000I\000m\000p\000l\000e\000m\000e\000n\000t\000a\000s\000i\000\040\000F\000r\000o\000n\000t\000e\000n\000d}{section.6}% 50
\BOOKMARK [2][-]{subsection.6.5}{\376\377\000I\000n\000t\000e\000g\000r\000a\000s\000i\000\040\000S\000i\000s\000t\000e\000m}{section.6}% 51
\BOOKMARK [2][-]{subsection.6.6}{\376\377\000F\000i\000t\000u\000r\000\040\000U\000I\000\040\000y\000a\000n\000g\000\040\000M\000e\000n\000o\000n\000j\000o\000l}{section.6}% 52
\BOOKMARK [2][-]{subsection.6.7}{\376\377\000P\000e\000m\000e\000t\000a\000a\000n\000\040\000F\000i\000t\000u\000r\000\040\000k\000e\000\040\000F\000i\000l\000e\000\040\000I\000m\000p\000l\000e\000m\000e\000n\000t\000a\000s\000i}{section.6}% 53
\BOOKMARK [2][-]{subsection.6.8}{\376\377\000I\000m\000p\000l\000e\000m\000e\000n\000t\000a\000s\000i\000\040\000B\000a\000c\000k\000e\000n\000d\000/\000A\000P\000I}{section.6}% 54
\BOOKMARK [2][-]{subsection.6.9}{\376\377\000I\000m\000p\000l\000e\000m\000e\000n\000t\000a\000s\000i\000\040\000W\000a\000l\000l\000e\000t\000\040\000d\000a\000n\000\040\000W\000e\000b\0003}{section.6}% 55
\BOOKMARK [2][-]{subsection.6.10}{\376\377\000D\000e\000p\000l\000o\000y\000m\000e\000n\000t\000\040\000B\000l\000o\000c\000k\000c\000h\000a\000i\000n}{section.6}% 56
\BOOKMARK [1][-]{section.7}{\376\377\000B\000A\000B\000\040\0007\000.\000\040\000P\000E\000N\000G\000U\000J\000I\000A\000N\000\040\000D\000A\000N\000\040\000E\000V\000A\000L\000U\000A\000S\000I}{}% 57
\BOOKMARK [2][-]{subsection.7.1}{\376\377\000S\000k\000e\000n\000a\000r\000i\000o\000\040\000P\000e\000n\000g\000u\000j\000i\000a\000n}{section.7}% 58
\BOOKMARK [2][-]{subsection.7.2}{\376\377\000F\000u\000n\000c\000t\000i\000o\000n\000a\000l\000\040\000T\000e\000s\000t\000i\000n\000g}{section.7}% 59
\BOOKMARK [2][-]{subsection.7.3}{\376\377\000S\000m\000a\000r\000t\000\040\000C\000o\000n\000t\000r\000a\000c\000t\000\040\000T\000e\000s\000t\000i\000n\000g}{section.7}% 60
\BOOKMARK [2][-]{subsection.7.4}{\376\377\000P\000e\000r\000f\000o\000r\000m\000a\000n\000c\000e\000\040\000T\000e\000s\000t\000i\000n\000g}{section.7}% 61
\BOOKMARK [2][-]{subsection.7.5}{\376\377\000S\000e\000c\000u\000r\000i\000t\000y\000\040\000E\000v\000a\000l\000u\000a\000t\000i\000o\000n}{section.7}% 62
\BOOKMARK [2][-]{subsection.7.6}{\376\377\000U\000s\000e\000r\000\040\000A\000c\000c\000e\000p\000t\000a\000n\000c\000e\000\040\000T\000e\000s\000t\000i\000n\000g\000\040\000\050\000U\000A\000T\000\051}{section.7}% 63
\BOOKMARK [2][-]{subsection.7.7}{\376\377\000E\000v\000a\000l\000u\000a\000s\000i\000\040\000H\000a\000s\000i\000l}{section.7}% 64
\BOOKMARK [1][-]{section.8}{\376\377\000B\000A\000B\000\040\0008\000.\000\040\000H\000A\000S\000I\000L\000\040\000D\000A\000N\000\040\000T\000A\000M\000P\000I\000L\000A\000N\000\040\000L\000U\000A\000R\000A\000N\000\040\000S\000I\000S\000T\000E\000M}{}% 65
\BOOKMARK [2][-]{subsection.8.1}{\376\377\000T\000a\000m\000p\000i\000l\000a\000n\000\040\000D\000a\000s\000h\000b\000o\000a\000r\000d}{section.8}% 66
\BOOKMARK [2][-]{subsection.8.2}{\376\377\000T\000a\000m\000p\000i\000l\000a\000n\000\040\000T\000r\000a\000n\000s\000a\000k\000s\000i\000\040\000B\000l\000o\000c\000k\000c\000h\000a\000i\000n}{section.8}% 67
\BOOKMARK [2][-]{subsection.8.3}{\376\377\000A\000n\000a\000l\000i\000s\000i\000s\000\040\000K\000e\000l\000e\000b\000i\000h\000a\000n\000\040\000S\000i\000s\000t\000e\000m}{section.8}% 68
\BOOKMARK [2][-]{subsection.8.4}{\376\377\000A\000n\000a\000l\000i\000s\000i\000s\000\040\000K\000e\000k\000u\000r\000a\000n\000g\000a\000n\000\040\000S\000i\000s\000t\000e\000m}{section.8}% 69
\BOOKMARK [1][-]{section.9}{\376\377\000B\000A\000B\000\040\0009\000.\000\040\000K\000E\000S\000I\000M\000P\000U\000L\000A\000N\000\040\000D\000A\000N\000\040\000S\000A\000R\000A\000N}{}% 70
\BOOKMARK [2][-]{subsection.9.1}{\376\377\000K\000e\000s\000i\000m\000p\000u\000l\000a\000n}{section.9}% 71
\BOOKMARK [2][-]{subsection.9.2}{\376\377\000K\000o\000n\000t\000r\000i\000b\000u\000s\000i\000\040\000P\000r\000o\000j\000e\000c\000t}{section.9}% 72
\BOOKMARK [2][-]{subsection.9.3}{\376\377\000S\000a\000r\000a\000n\000\040\000P\000e\000n\000g\000e\000m\000b\000a\000n\000g\000a\000n}{section.9}% 73
\BOOKMARK [2][-]{subsection.9.4}{\376\377\000F\000i\000t\000u\000r\000\040\000B\000e\000l\000u\000m\000\040\000D\000i\000i\000m\000p\000l\000e\000m\000e\000n\000t\000a\000s\000i\000k\000a\000n}{section.9}% 74
\BOOKMARK [2][-]{subsection.9.5}{\376\377\000K\000e\000t\000e\000r\000b\000a\000t\000a\000s\000a\000n\000\040\000S\000a\000a\000t\000\040\000I\000n\000i}{section.9}% 75
